Program
  List
    Function
      IdDecl ID="gcd1"
      List
        IdDecl ID="a"
        IdDecl ID="b"
      Block
        Opt
          List
            While
              NotEqual
                IdUse ID="a"
                IdUse ID="b"
              Block
                Opt
                  List
                    If
                      Greater
                        IdUse ID="a"
                        IdUse ID="b"
                      Block
                        Opt
                          List
                            Assign
                              IdUse ID="a"
                              Sub
                                IdUse ID="a"
                                IdUse ID="b"
                      Opt
                        Block
                          Opt
                            List
                              Assign
                                IdUse ID="b"
                                Sub
                                  IdUse ID="b"
                                  IdUse ID="a"
            ReturnStmt
              IdUse ID="a"
    Function
      IdDecl ID="gcd2"
      List
        IdDecl ID="a"
        IdDecl ID="b"
      Block
        Opt
          List
            If
              Equal
                IdUse ID="b"
                IntegerValue INTEGER="0"
              Block
                Opt
                  List
                    ReturnStmt
                      IdUse ID="a"
              Opt
            ReturnStmt
              FunctionCall
                IdUse ID="gcd2"
                Opt
                  List
                    IdUse ID="b"
                    Mod
                      IdUse ID="a"
                      IdUse ID="b"
