Program
  List
    Function
      IdDecl ID="main"
      List
      Block
        List
          Declaration
            IdDecl ID="a"
            Opt
          Declaration
            IdDecl ID="b"
            Opt
          Assign
            IdUse ID="a"
            FunctionCall
              IdUse ID="read"
              List
          Assign
            IdUse ID="b"
            FunctionCall
              IdUse ID="read"
              List
          FunctionCallStmt
            FunctionCall
              IdUse ID="print"
              List
                FunctionCall
                  IdUse ID="gcd1"
                  List
                    IdUse ID="a"
                    IdUse ID="b"
          FunctionCallStmt
            FunctionCall
              IdUse ID="print"
              List
                FunctionCall
                  IdUse ID="gcd2"
                  List
                    IdUse ID="a"
                    IdUse ID="b"
          Declaration
            IdDecl ID="diff"
            Opt
              Sub
                FunctionCall
                  IdUse ID="gcd1"
                  List
                    IdUse ID="a"
                    IdUse ID="b"
                FunctionCall
                  IdUse ID="gcd2"
                  List
                    IdUse ID="a"
                    IdUse ID="b"
          FunctionCallStmt
            FunctionCall
              IdUse ID="print"
              List
                IdUse ID="diff"
          ReturnStmt
            IntegerValue INTEGER="0"
